// Jest Snapshot v1, https://goo.gl/fbAQLP

exports[`App test. Buttons and snapshot when props is provided 1`] = `ReactWrapper {}`;

exports[`App test. Test snapshot when props is not provided 1`] = `ReactWrapper {}`;
